// Jest Snapshot v1, https://goo.gl/fbAQLP

exports[`orProduct component should render correctly 1`] = `
<DocumentFragment>
  <ul
    class="grid grid-cols-1 gap-6 py-8 px-6 md:grid-cols-2 lg:grid-cols-3 lg:gap-12 xl:pl-0 xl:pr-11 xl:py-12 items-stretch undefined"
  >
    <li>
      Item 1
    </li>
    <li>
      Item 2
    </li>
  </ul>
</DocumentFragment>
`;
